datos/flat/1_6s/Flat1610F.fit
datos/flat/1_6s/Flat165F.fit
datos/flat/1_6s/Flat1619F.fit
datos/flat/1_6s/Flat169F.fit
datos/flat/1_6s/Flat162F.fit
datos/flat/1_6s/Flat167F.fit
datos/flat/1_6s/Flat164F.fit
datos/flat/1_6s/Flat1617F.fit
datos/flat/1_6s/Flat1615F.fit
datos/flat/1_6s/Flat1616F.fit
datos/flat/1_6s/Flat1613F.fit
datos/flat/1_6s/Flat1611F.fit
datos/flat/1_6s/Flat161F.fit
datos/flat/1_6s/Flat166F.fit
datos/flat/1_6s/Flat163F.fit
datos/flat/1_6s/Flat1614F.fit
datos/flat/1_6s/Flat1620F.fit
datos/flat/1_6s/Flat1612F.fit
datos/flat/1_6s/Flat1618F.fit
datos/flat/1_6s/Flat168F.fit
datos/flat/0_05s/Flat00517F.fit
datos/flat/0_05s/Flat00516F.fit
datos/flat/0_05s/Flat00519F.fit
datos/flat/0_05s/Flat0057F.fit
datos/flat/0_05s/Flat00518F.fit
datos/flat/0_05s/Flat0051F.fit
datos/flat/0_05s/Flat0059F.fit
datos/flat/0_05s/Flat0054F.fit
datos/flat/0_05s/Flat0052F.fit
datos/flat/0_05s/Flat0053F.fit
datos/flat/0_05s/Flat0055F.fit
datos/flat/0_05s/Flat00520F.fit
datos/flat/0_05s/Flat00515F.fit
datos/flat/0_05s/Flat0058F.fit
datos/flat/0_05s/Flat0056F.fit
datos/flat/0_05s/Flat00514F.fit
datos/flat/0_05s/Flat00511F.fit
datos/flat/0_05s/Flat00512F.fit
datos/flat/0_05s/Flat00510F.fit
datos/flat/0_05s/Flat00513F.fit
datos/flat/500s/Flat5001F.fit
datos/flat/0_4s/Flat042F.fit
datos/flat/0_4s/Flat0418F.fit
datos/flat/0_4s/Flat0419F.fit
datos/flat/0_4s/Flat0416F.fit
datos/flat/0_4s/Flat049F.fit
datos/flat/0_4s/Flat0413F.fit
datos/flat/0_4s/Flat0411F.fit
datos/flat/0_4s/Flat041F.fit
datos/flat/0_4s/Flat0414F.fit
datos/flat/0_4s/Flat043F.fit
datos/flat/0_4s/Flat0420F.fit
datos/flat/0_4s/Flat047F.fit
datos/flat/0_4s/Flat046F.fit
datos/flat/0_4s/Flat0417F.fit
datos/flat/0_4s/Flat044F.fit
datos/flat/0_4s/Flat0415F.fit
datos/flat/0_4s/Flat045F.fit
datos/flat/0_4s/Flat048F.fit
datos/flat/0_4s/Flat0412F.fit
datos/flat/0_4s/Flat0410F.fit
datos/flat/0_2s/Flat0210F.fit
datos/flat/0_2s/Flat0219F.fit
datos/flat/0_2s/Flat021F.fit
datos/flat/0_2s/Flat029F.fit
datos/flat/0_2s/Flat025F.fit
datos/flat/0_2s/Flat0215F.fit
datos/flat/0_2s/Flat027F.fit
datos/flat/0_2s/Flat0216F.fit
datos/flat/0_2s/Flat028F.fit
datos/flat/0_2s/Flat023F.fit
datos/flat/0_2s/Flat0212F.fit
datos/flat/0_2s/Flat0214F.fit
datos/flat/0_2s/Flat0217F.fit
datos/flat/0_2s/Flat0211F.fit
datos/flat/0_2s/Flat0213F.fit
datos/flat/0_2s/Flat0218F.fit
datos/flat/0_2s/Flat022F.fit
datos/flat/0_2s/Flat024F.fit
datos/flat/0_2s/Flat026F.fit
datos/flat/0_2s/Flat0220F.fit
datos/flat/51_2s/Flat5122F.fit
datos/flat/51_2s/Flat51210F.fit
datos/flat/51_2s/Flat5126F.fit
datos/flat/51_2s/Flat5129F.fit
datos/flat/51_2s/Flat5127F.fit
datos/flat/51_2s/Flat5124F.fit
datos/flat/51_2s/Flat5128F.fit
datos/flat/51_2s/Flat5121F.fit
datos/flat/51_2s/Flat5123F.fit
datos/flat/51_2s/Flat5125F.fit
datos/flat/0_1s/Flat0119F.fit
datos/flat/0_1s/Flat0110F.fit
datos/flat/0_1s/Flat012F.fit
datos/flat/0_1s/Flat0115F.fit
datos/flat/0_1s/Flat0116F.fit
datos/flat/0_1s/Flat0112F.fit
datos/flat/0_1s/Flat014F.fit
datos/flat/0_1s/Flat016F.fit
datos/flat/0_1s/Flat0111F.fit
datos/flat/0_1s/Flat0117F.fit
datos/flat/0_1s/Flat0120F.fit
datos/flat/0_1s/Flat011F.fit
datos/flat/0_1s/Flat017F.fit
datos/flat/0_1s/Flat019F.fit
datos/flat/0_1s/Flat015F.fit
datos/flat/0_1s/Flat018F.fit
datos/flat/0_1s/Flat0114F.fit
datos/flat/0_1s/Flat0118F.fit
datos/flat/0_1s/Flat013F.fit
datos/flat/0_1s/Flat0113F.fit
datos/flat/25_6s/Flat25614F.fit
datos/flat/25_6s/Flat2561F.fit
datos/flat/25_6s/Flat25616F.fit
datos/flat/25_6s/Flat2568F.fit
datos/flat/25_6s/Flat2564F.fit
datos/flat/25_6s/Flat2563F.fit
datos/flat/25_6s/Flat25618F.fit
datos/flat/25_6s/Flat25610F.fit
datos/flat/25_6s/Flat2566F.fit
datos/flat/25_6s/Flat25615F.fit
datos/flat/25_6s/Flat25620F.fit
datos/flat/25_6s/Flat25617F.fit
datos/flat/25_6s/Flat25619F.fit
datos/flat/25_6s/Flat2565F.fit
datos/flat/25_6s/Flat25613F.fit
datos/flat/25_6s/Flat25612F.fit
datos/flat/25_6s/Flat2562F.fit
datos/flat/25_6s/Flat2569F.fit
datos/flat/25_6s/Flat25611F.fit
datos/flat/25_6s/Flat2567F.fit
datos/flat/102_4s/Flat10241F.fit
datos/flat/102_4s/Flat10248F.fit
datos/flat/102_4s/Flat10247F.fit
datos/flat/102_4s/Flat10246F.fit
datos/flat/102_4s/Flat10244F.fit
datos/flat/102_4s/Flat102410F.fit
datos/flat/102_4s/Flat10249F.fit
datos/flat/102_4s/Flat10242F.fit
datos/flat/102_4s/Flat10243F.fit
datos/flat/102_4s/Flat10245F.fit
datos/flat/6_4s/Flat6412F.fit
datos/flat/6_4s/Flat645F.fit
datos/flat/6_4s/Flat6414F.fit
datos/flat/6_4s/Flat6416F.fit
datos/flat/6_4s/Flat643F.fit
datos/flat/6_4s/Flat647F.fit
datos/flat/6_4s/Flat6419F.fit
datos/flat/6_4s/Flat6410F.fit
datos/flat/6_4s/Flat6418F.fit
datos/flat/6_4s/Flat6413F.fit
datos/flat/6_4s/Flat6417F.fit
datos/flat/6_4s/Flat6420F.fit
datos/flat/6_4s/Flat642F.fit
datos/flat/6_4s/Flat646F.fit
datos/flat/6_4s/Flat649F.fit
datos/flat/6_4s/Flat641F.fit
datos/flat/6_4s/Flat644F.fit
datos/flat/6_4s/Flat648F.fit
datos/flat/6_4s/Flat6415F.fit
datos/flat/6_4s/Flat6411F.fit
datos/flat/204_8s/Flat20484F.fit
datos/flat/204_8s/Flat20482F.fit
datos/flat/204_8s/Flat20483F.fit
datos/flat/204_8s/Flat20481F.fit
datos/flat/3_2s/Flat3215F.fit
datos/flat/3_2s/Flat3217F.fit
datos/flat/3_2s/Flat323F.fit
datos/flat/3_2s/Flat328F.fit
datos/flat/3_2s/Flat3212F.fit
datos/flat/3_2s/Flat3216F.fit
datos/flat/3_2s/Flat327F.fit
datos/flat/3_2s/Flat325F.fit
datos/flat/3_2s/Flat322F.fit
datos/flat/3_2s/Flat329F.fit
datos/flat/3_2s/Flat321F.fit
datos/flat/3_2s/Flat3214F.fit
datos/flat/3_2s/Flat3213F.fit
datos/flat/3_2s/Flat324F.fit
datos/flat/3_2s/Flat3220F.fit
datos/flat/3_2s/Flat3219F.fit
datos/flat/3_2s/Flat3218F.fit
datos/flat/3_2s/Flat3210F.fit
datos/flat/3_2s/Flat3211F.fit
datos/flat/3_2s/Flat326F.fit
datos/flat/12_8s/Flat12813F.fit
datos/flat/12_8s/Flat12816F.fit
datos/flat/12_8s/Flat12820F.fit
datos/flat/12_8s/Flat1287F.fit
datos/flat/12_8s/Flat1284F.fit
datos/flat/12_8s/Flat12811F.fit
datos/flat/12_8s/Flat12819F.fit
datos/flat/12_8s/Flat1282F.fit
datos/flat/12_8s/Flat1289F.fit
datos/flat/12_8s/Flat1281F.fit
datos/flat/12_8s/Flat12818F.fit
datos/flat/12_8s/Flat1285F.fit
datos/flat/12_8s/Flat12812F.fit
datos/flat/12_8s/Flat1283F.fit
datos/flat/12_8s/Flat12815F.fit
datos/flat/12_8s/Flat1288F.fit
datos/flat/12_8s/Flat12810F.fit
datos/flat/12_8s/Flat12814F.fit
datos/flat/12_8s/Flat12817F.fit
datos/flat/12_8s/Flat1286F.fit
datos/flat/0_8s/Flat083F.fit
datos/flat/0_8s/Flat0813F.fit
datos/flat/0_8s/Flat0812F.fit
datos/flat/0_8s/Flat0818F.fit
datos/flat/0_8s/Flat086F.fit
datos/flat/0_8s/Flat087F.fit
datos/flat/0_8s/Flat084F.fit
datos/flat/0_8s/Flat089F.fit
datos/flat/0_8s/Flat0819F.fit
datos/flat/0_8s/Flat085F.fit
datos/flat/0_8s/Flat0816F.fit
datos/flat/0_8s/Flat0810F.fit
datos/flat/0_8s/Flat0817F.fit
datos/flat/0_8s/Flat0820F.fit
datos/flat/0_8s/Flat0811F.fit
datos/flat/0_8s/Flat082F.fit
datos/flat/0_8s/Flat081F.fit
datos/flat/0_8s/Flat0814F.fit
datos/flat/0_8s/Flat0815F.fit
datos/flat/0_8s/Flat088F.fit
